[bluemodus.github.io/manatt-dev-2017/index.html]
[bluemodus.github.io/manatt-dev-2017/App_Themes/360Health/main.css]
[bluemodus.github.io/manatt-dev-2017/CMSScripts/Custom/360Health/front-end/frontEnd.js]
[bluemodus.github.io/manatt-dev-2017/CMSScripts/Custom/360Health/vendor/bootstrap/util.js]
[bluemodus.github.io/manatt-dev-2017/CMSScripts/Custom/360Health/vendor/bootstrap/collapse.js]
[bluemodus.github.io/manatt-dev-2017/CMSScripts/Custom/360Health/vendor/bootstrap/carousel.js]
[bluemodus.github.io/manatt-dev-2017/CMSScripts/Custom/360Health/vendor/bootstrap/tooltip.js]
[bluemodus.github.io/manatt-dev-2017/CMSScripts/Custom/360Health/vendor/jQuery.succinct.min.js]
[bluemodus.github.io/manatt-dev-2017/CMSScripts/Custom/360Health/vendor/picker.js]
[bluemodus.github.io/manatt-dev-2017/CMSScripts/Custom/360Health/vendor/picker.date.js]
[bluemodus.github.io/manatt-dev-2017/CMSScripts/Custom/360Health/vendor/mixitup.min.js]
[bluemodus.github.io/manatt-dev-2017/CMSScripts/Custom/360Health/vendor/select2.full.min.js]
[bluemodus.github.io/manatt-dev-2017/CMSScripts/Custom/360Health/front-end/waitForFinalEvent.js]
[bluemodus.github.io/manatt-dev-2017/CMSScripts/Custom/360Health/front-end/retach.js]
[bluemodus.github.io/manatt-dev-2017/CMSScripts/Custom/360Health/front-end/searchToggle.js]
[bluemodus.github.io/manatt-dev-2017/CMSScripts/Custom/360Health/front-end/mobileSubToggles.js]
[bluemodus.github.io/manatt-dev-2017/CMSScripts/Custom/360Health/front-end/pickerChooser.js]
[bluemodus.github.io/manatt-dev-2017/CMSScripts/Custom/360Health/front-end/tabAccordion.js]
[backblue.gif]
[fade.gif]
[index.html]
[bluemodus.github.io/manatt-dev-2017/styleguide.html]
[bluemodus.github.io/manatt-dev-2017/home.html]
[bluemodus.github.io/manatt-dev-2017/search-results.html]
[bluemodus.github.io/manatt-dev-2017/roadblock.html]
[bluemodus.github.io/manatt-dev-2017/key-topic.html]
[bluemodus.github.io/manatt-dev-2017/big-picture.html]
[bluemodus.github.io/manatt-dev-2017/people.html]
[bluemodus.github.io/manatt-dev-2017/premium-insights.html]
[bluemodus.github.io/manatt-dev-2017/sortable-list.html]
[bluemodus.github.io/manatt-dev-2017/article-disqus.html]
[bluemodus.github.io/manatt-dev-2017/article.html]
[bluemodus.github.io/manatt-dev-2017/bio.html]
[bluemodus.github.io/manatt-dev-2017/newsletter-listing.html]
[bluemodus.github.io/manatt-dev-2017/regulatory-summary.html]
[bluemodus.github.io/manatt-dev-2017/whitepaper.html]
[bluemodus.github.io/manatt-dev-2017/webinar.html]
[bluemodus.github.io/manatt-dev-2017/newsletter.html]
[bluemodus.github.io/manatt-dev-2017/data-visual.html]
[bluemodus.github.io/manatt-dev-2017/media.html]
[bluemodus.github.io/manatt-dev-2017/password-recovery.html]
[bluemodus.github.io/manatt-dev-2017/saved-content.html]
[bluemodus.github.io/manatt-dev-2017/account.html]
[bluemodus.github.io/manatt-dev-2017/account-new-password.html]
[bluemodus.github.io/manatt-dev-2017/email.html]
[bluemodus.github.io/manatt-dev-2017/index.html]
[bluemodus.github.io/manatt-dev-2017/email-key-topic.html]
[bluemodus.github.io/manatt-dev-2017/Manatt/Media/Fonts/Material-Design-Iconic-Fontd1f1.woff2]
[bluemodus.github.io/manatt-dev-2017/Manatt/Media/Fonts/Material-Design-Iconic-Fontd1f1.woff]
[bluemodus.github.io/manatt-dev-2017/Manatt/Media/Fonts/Material-Design-Iconic-Fontd1f1.ttf]
[bluemodus.github.io/manatt-dev-2017/Manatt/Media/Fonts/fontawesome-webfont3e6e.eot]
[bluemodus.github.io/manatt-dev-2017/Manatt/Media/Fonts/fontawesome-webfontd41d.eot]
[bluemodus.github.io/manatt-dev-2017/Manatt/Media/Fonts/fontawesome-webfont3e6e.woff2]
[bluemodus.github.io/manatt-dev-2017/Manatt/Media/Fonts/fontawesome-webfont3e6e.woff]
[bluemodus.github.io/manatt-dev-2017/Manatt/Media/Fonts/fontawesome-webfont3e6e.ttf]
[bluemodus.github.io/manatt-dev-2017/App_Themes/360Health/main.css]
[bluemodus.github.io/manatt-dev-2017/styleguide.html]
[bluemodus.github.io/manatt-dev-2017/Manatt/Media/Fonts/fontawesome-webfont3e6e.svg]
[bluemodus.github.io/manatt-dev-2017/Manatt/Media/Insight/img/manatt-logo.png]
[bluemodus.github.io/manatt-dev-2017/Manatt/Media/img/logoMain.svg]
[bluemodus.github.io/manatt-dev-2017/home.html]
[bluemodus.github.io/manatt-dev-2017/Manatt/Media/img/logoFooter.svg]
[bluemodus.github.io/manatt-dev-2017/search-results.html]
[bluemodus.github.io/manatt-dev-2017/roadblock.html]
[bluemodus.github.io/manatt-dev-2017/key-topic.html]
[bluemodus.github.io/manatt-dev-2017/big-picture.html]
[bluemodus.github.io/manatt-dev-2017/people.html]
[bluemodus.github.io/manatt-dev-2017/premium-insights.html]
[bluemodus.github.io/manatt-dev-2017/sortable-list.html]
[bluemodus.github.io/manatt-dev-2017/article-disqus.html]
[bluemodus.github.io/manatt-dev-2017/article.html]
[bluemodus.github.io/manatt-dev-2017/bio.html]
[bluemodus.github.io/manatt-dev-2017/newsletter-listing.html]
[bluemodus.github.io/manatt-dev-2017/regulatory-summary.html]
[bluemodus.github.io/manatt-dev-2017/whitepaper.html]
[bluemodus.github.io/manatt-dev-2017/webinar.html]
[bluemodus.github.io/manatt-dev-2017/newsletter.html]
[bluemodus.github.io/manatt-dev-2017/data-visual.html]
[bluemodus.github.io/manatt-dev-2017/media.html]
[bluemodus.github.io/manatt-dev-2017/password-recovery.html]
[bluemodus.github.io/manatt-dev-2017/saved-content.html]
[bluemodus.github.io/manatt-dev-2017/account.html]
[bluemodus.github.io/manatt-dev-2017/account-new-password.html]
[bluemodus.github.io/manatt-dev-2017/email.html]
[bluemodus.github.io/manatt-dev-2017/email-key-topic.html]
[bluemodus.github.io/manatt-dev-2017/Manatt/Media/Fonts/fontawesome-webfont3e6e.html]
[bluemodus.github.io/manatt-dev-2017/Manatt/Media/Fonts/fontawesome-webfontd41d.html]
[bluemodus.github.io/manatt-dev-2017/Manatt/Media/Fonts/fontawesome-webfont3e6e-2.html]
[bluemodus.github.io/manatt-dev-2017/Manatt/Media/Fonts/fontawesome-webfont3e6e-3.html]
[bluemodus.github.io/manatt-dev-2017/Manatt/Media/Fonts/fontawesome-webfont3e6e.svg]
[bluemodus.github.io/manatt-dev-2017/Manatt/Media/img/logoMain.svg]
[bluemodus.github.io/manatt-dev-2017/Manatt/Media/img/logoFooter.svg]
